--------------------------------------------------------------------------------------------------------------
              FILTER	#SNPs	#dbSNP	%dbSNP	%CpG	%CpG	%Known	%Novel	%nCpG-K	%nCpG-N	%HM3	%HM3
                    				Known	Novel	Ts/Tv	Ts/Tv	Ts/Tv	Ts/Tv	sens	/SNP
--------------------------------------------------------------------------------------------------------------
              INDEL5	8	7	87.5	0.0	100.0	NA	0.00	NA	NA	0.003	12.500
          INDEL5;SVM	3	3	100.0	0.0	NA	NA	NA	NA	NA	0.000	0.000
                PASS	998	972	97.4	15.9	3.8	2.45	2.71	2.22	2.57	0.571	21.242
                 SVM	108	49	45.4	14.3	1.7	2.50	0.59	2.23	0.61	0.000	0.000
--------------------------------------------------------------------------------------------------------------
              FILTER	#SNPs	#dbSNP	%dbSNP	%CpG	%CpG	%Known	%Novel	%nCpG-K	%nCpG-N	%HM3	%HM3
                    				Known	Novel	Ts/Tv	Ts/Tv	Ts/Tv	Ts/Tv	sens	/SNP
--------------------------------------------------------------------------------------------------------------
              INDEL5	11	10	90.9	0.0	100.0	NA	0.00	NA	NA	0.003	9.091
                PASS	998	972	97.4	15.9	3.8	2.45	2.71	2.22	2.57	0.571	21.242
                 SVM	111	52	46.8	13.5	1.7	2.71	0.59	2.46	0.61	0.000	0.000
--------------------------------------------------------------------------------------------------------------
                PASS	998	972	97.4	15.9	3.8	2.45	2.71	2.22	2.57	0.571	21.242
                FAIL	119	59	49.6	11.9	3.3	3.21	0.58	3.00	0.61	0.003	0.840
               TOTAL	1117	1031	92.3	15.7	3.5	2.48	0.91	2.25	0.93	0.573	19.069
------------------------------------------------------------------------------------------------------------
