--------------------------------------------------------------------------------------------------------------
              FILTER	#SNPs	#dbSNP	%dbSNP	%CpG	%CpG	%Known	%Novel	%nCpG-K	%nCpG-N	%HM3	%HM3
                    				Known	Novel	Ts/Tv	Ts/Tv	Ts/Tv	Ts/Tv	sens	/SNP
--------------------------------------------------------------------------------------------------------------
              INDEL5	9	8	88.9	0.0	100.0	NA	0.00	NA	NA	0.003	11.111
          INDEL5;SVM	2	2	100.0	0.0	NA	NA	NA	NA	NA	0.000	0.000
                PASS	1032	1000	96.9	16.0	3.1	2.46	3.00	2.23	2.88	0.571	20.543
                 SVM	74	21	28.4	9.5	1.9	2.00	0.47	1.71	0.49	0.000	0.000
--------------------------------------------------------------------------------------------------------------
              FILTER	#SNPs	#dbSNP	%dbSNP	%CpG	%CpG	%Known	%Novel	%nCpG-K	%nCpG-N	%HM3	%HM3
                    				Known	Novel	Ts/Tv	Ts/Tv	Ts/Tv	Ts/Tv	sens	/SNP
--------------------------------------------------------------------------------------------------------------
              INDEL5	11	10	90.9	0.0	100.0	NA	0.00	NA	NA	0.003	9.091
                PASS	1032	1000	96.9	16.0	3.1	2.46	3.00	2.23	2.88	0.571	20.543
                 SVM	76	23	30.3	8.7	1.9	2.29	0.47	2.00	0.49	0.000	0.000
--------------------------------------------------------------------------------------------------------------
                PASS	1032	1000	96.9	16.0	3.1	2.46	3.00	2.23	2.88	0.571	20.543
                FAIL	85	31	36.5	6.5	3.7	3.43	0.46	3.14	0.49	0.003	1.176
               TOTAL	1117	1031	92.3	15.7	3.5	2.48	0.91	2.25	0.93	0.573	19.069
------------------------------------------------------------------------------------------------------------
